213.96.160.91 - - [10/Sep/2012:10:50:05 +0200] "GET /layout/busq_rap.png HTTP/1.1" 304 - www.negotiablekite.com "http://www.negotiablekite.com/anuncio.php?codan=696" "Mozilla/4.0 (compatible; MSIE 8.0; Windows NT 5.1; Trident/4.0; GTB7.4)" "-"
213.96.160.91 - - [10/Sep/2012:10:50:05 +0200] "GET /layout/buscar.png HTTP/1.1" 304 - www.negotiablekite.com "http://www.negotiablekite.com/anuncio.php?codan=696" "Mozilla/4.0 (compatible; MSIE 8.0; Windows NT 5.1; Trident/4.0; GTB7.4)" "-"
213.96.160.91 - - [10/Sep/2012:10:50:05 +0200] "GET /iconos/detalle_nk.png HTTP/1.1" 304 - www.negotiablekite.com "http://www.negotiablekite.com/anuncio.php?codan=696" "Mozilla/4.0 (compatible; MSIE 8.0; Windows NT 5.1; Trident/4.0; GTB7.4)" "-"
213.96.160.91 - - [10/Sep/2012:10:50:05 +0200] "GET /imagenes/redimensionar.php?imagen=imagenes/695imagen4nitro_images.jpg HTTP/1.1" 200 1311 www.negotiablekite.com "http://www.negotiablekite.com/anuncio.php?codan=696" "Mozilla/4.0 (compatible; MSIE 8.0; Windows NT 5.1; Trident/4.0; GTB7.4)" "-"
213.96.160.91 - - [10/Sep/2012:10:50:05 +0200] "GET /imagenes/redimensionar.php?imagen=imagenes/695imagen1nitro_fotokite.jpg HTTP/1.1" 200 2545 www.negotiablekite.com "http://www.negotiablekite.com/anuncio.php?codan=696" "Mozilla/4.0 (compatible; MSIE 8.0; Windows NT 5.1; Trident/4.0; GTB7.4)" "-"
213.96.160.91 - - [10/Sep/2012:10:50:05 +0200] "GET /imagenes/redimensionar.php?imagen=imagenes/695imagen2nitro_fotokite1.jpg HTTP/1.1" 200 2385 www.negotiablekite.com "http://www.negotiablekite.com/anuncio.php?codan=696" "Mozilla/4.0 (compatible; MSIE 8.0; Windows NT 5.1; Trident/4.0; GTB7.4)" "-"
213.96.160.91 - - [10/Sep/2012:10:50:05 +0200] "GET /imagenes/redimensionar.php?anchura=377&hmax=333&imagen=imagenes/695imagen1nitro_fotokite.jpg HTTP/1.1" 200 32141 www.negotiablekite.com "http://www.negotiablekite.com/anuncio.php?codan=696" "Mozilla/4.0 (compatible; MSIE 8.0; Windows NT 5.1; Trident/4.0; GTB7.4)" "-"
213.96.160.91 - - [10/Sep/2012:10:50:05 +0200] "GET /imagenes/redimensionar.php?imagen=imagenes/695imagen3nitro_fotokite2.jpg HTTP/1.1" 200 1992 www.negotiablekite.com "http://www.negotiablekite.com/anuncio.php?codan=696" "Mozilla/4.0 (compatible; MSIE 8.0; Windows NT 5.1; Trident/4.0; GTB7.4)" "-"
213.96.160.91 - - [10/Sep/2012:10:50:06 +0200] "GET /iconos/titulo3.png HTTP/1.1" 304 - www.negotiablekite.com "http://www.negotiablekite.com/anuncio.php?codan=696" "Mozilla/4.0 (compatible; MSIE 8.0; Windows NT 5.1; Trident/4.0; GTB7.4)" "-"
213.96.160.91 - - [10/Sep/2012:10:50:06 +0200] "GET /layout/barra_negr_sombra1.png HTTP/1.1" 304 - www.negotiablekite.com "http://www.negotiablekite.com/anuncio.php?codan=696" "Mozilla/4.0 (compatible; MSIE 8.0; Windows NT 5.1; Trident/4.0; GTB7.4)" "-"
213.96.160.91 - - [10/Sep/2012:10:50:06 +0200] "GET /iconos/cometas_link.png HTTP/1.1" 304 - www.negotiablekite.com "http://www.negotiablekite.com/anuncio.php?codan=696" "Mozilla/4.0 (compatible; MSIE 8.0; Windows NT 5.1; Trident/4.0; GTB7.4)" "-"
213.96.160.91 - - [10/Sep/2012:10:50:06 +0200] "GET /iconos/tablas_link.png HTTP/1.1" 304 - www.negotiablekite.com "http://www.negotiablekite.com/anuncio.php?codan=696" "Mozilla/4.0 (compatible; MSIE 8.0; Windows NT 5.1; Trident/4.0; GTB7.4)" "-"
213.96.160.91 - - [10/Sep/2012:10:50:06 +0200] "GET /iconos/barras_link.png HTTP/1.1" 304 - www.negotiablekite.com "http://www.negotiablekite.com/anuncio.php?codan=696" "Mozilla/4.0 (compatible; MSIE 8.0; Windows NT 5.1; Trident/4.0; GTB7.4)" "-"
213.96.160.91 - - [10/Sep/2012:10:50:06 +0200] "GET /recom_anun.php?codan=696 HTTP/1.1" 200 1395 www.negotiablekite.com "http://www.negotiablekite.com/anuncio.php?codan=696" "Mozilla/4.0 (compatible; MSIE 8.0; Windows NT 5.1; Trident/4.0; GTB7.4)" "-"
213.96.160.91 - - [10/Sep/2012:10:50:06 +0200] "GET /iconos/arneses_link.png HTTP/1.1" 304 - www.negotiablekite.com "http://www.negotiablekite.com/anuncio.php?codan=696" "Mozilla/4.0 (compatible; MSIE 8.0; Windows NT 5.1; Trident/4.0; GTB7.4)" "-"
213.96.160.91 - - [10/Sep/2012:10:50:06 +0200] "GET /iconos/accesorios_link.png HTTP/1.1" 304 - www.negotiablekite.com "http://www.negotiablekite.com/anuncio.php?codan=696" "Mozilla/4.0 (compatible; MSIE 8.0; Windows NT 5.1; Trident/4.0; GTB7.4)" "-"
213.96.160.91 - - [10/Sep/2012:10:50:06 +0200] "GET /layout/fondo_users.png HTTP/1.1" 304 - www.negotiablekite.com "http://www.negotiablekite.com/anuncio.php?codan=696" "Mozilla/4.0 (compatible; MSIE 8.0; Windows NT 5.1; Trident/4.0; GTB7.4)" "-"
213.96.160.91 - - [10/Sep/2012:10:50:06 +0200] "GET /imagenes/695imagen1nitro_fotokite.jpg HTTP/1.1" 304 - www.negotiablekite.com "http://www.negotiablekite.com/anuncio.php?codan=696" "Mozilla/4.0 (compatible; MSIE 8.0; Windows NT 5.1; Trident/4.0; GTB7.4)" "-"
213.96.160.91 - - [10/Sep/2012:10:50:06 +0200] "GET /javascript/recom_anun.js HTTP/1.1" 304 - www.negotiablekite.com "http://www.negotiablekite.com/recom_anun.php?codan=696" "Mozilla/4.0 (compatible; MSIE 8.0; Windows NT 5.1; Trident/4.0; GTB7.4)" "-"
213.96.160.91 - - [10/Sep/2012:10:50:07 +0200] "GET / HTTP/1.1" 200 16469 www.negotiablekite.com "http://www.negotiablekite.com/anuncio.php?codan=696" "Mozilla/4.0 (compatible; MSIE 8.0; Windows NT 5.1; Trident/4.0; GTB7.4)" "-"
66.220.149.249 - - [10/Sep/2012:10:50:16 +0200] "GET /imagenes/redimensionar.php?anchura=377&hmax=333&imagen=%0A%09%09%09%09%09%09%09imagenes%2F708imagen1kitekato_2012_rrd_kite_safety_leash_a.jpg HTTP/1.1" 200 8943 www.negotiablekite.com "-" "facebookexternalhit/1.0 (+http://www.facebook.com/externalhit_uatext.php)" "-"
66.220.149.244 - - [10/Sep/2012:10:50:16 +0200] "GET /imagenes/redimensionar.php?anchura=377&hmax=333&imagen=%0A%09%09%09%09%09%09%09imagenes%2F710imagen1kitekato_IMG_3297.JPG HTTP/1.1" 200 13948 www.negotiablekite.com "-" "facebookexternalhit/1.0 (+http://www.facebook.com/externalhit_uatext.php)" "-"
69.171.224.4 - - [10/Sep/2012:10:50:22 +0200] "GET /imagenes/redimensionar.php?anchura=377&hmax=333&imagen=%0A%09%09%09%09%09%09%09imagenes%2F708imagen1kitekato_2012_rrd_kite_safety_leash_a.jpg HTTP/1.1" 200 8943 www.negotiablekite.com "-" "facebookexternalhit/1.0 (+http://www.facebook.com/externalhit_uatext.php)" "-"
69.171.234.0 - - [10/Sep/2012:10:50:22 +0200] "GET /imagenes/redimensionar.php?anchura=377&hmax=333&imagen=%0A%09%09%09%09%09%09%09imagenes%2F709imagen1kitekato_2012_mystic_venom_boardbag_1.jpg HTTP/1.1" 200 10545 www.negotiablekite.com "-" "facebookexternalhit/1.0 (+http://www.facebook.com/externalhit_uatext.php)" "-"
69.171.228.246 - - [10/Sep/2012:10:50:23 +0200] "GET /imagenes/redimensionar.php?anchura=377&hmax=333&imagen=%0A%09%09%09%09%09%09%09imagenes%2F710imagen1kitekato_IMG_3297.JPG HTTP/1.1" 200 13948 www.negotiablekite.com "-" "facebookexternalhit/1.0 (+http://www.facebook.com/externalhit_uatext.php)" "-"
180.76.6.227 - - [10/Sep/2012:10:50:35 +0200] "GET /perfil.php?user=petithavane HTTP/1.1" 200 9263 www.negotiablekite.com "-" "Mozilla/5.0 (compatible; Baiduspider/2.0; +http://www.baidu.com/search/spider.html)" "-"
213.96.160.91 - - [10/Sep/2012:10:51:07 +0200] "GET /anuncios/Cometas HTTP/1.1" 200 19259 www.negotiablekite.com "http://www.negotiablekite.com/anuncio.php?codan=696" "Mozilla/4.0 (compatible; MSIE 8.0; Windows NT 5.1; Trident/4.0; GTB7.4)" "-"
213.96.160.91 - - [10/Sep/2012:10:51:07 +0200] "GET /busqueda.js HTTP/1.1" 200 10480 negotiablekite.com "http://www.negotiablekite.com/anuncios/Cometas" "Mozilla/4.0 (compatible; MSIE 8.0; Windows NT 5.1; Trident/4.0; GTB7.4)" "-"
213.96.160.91 - - [10/Sep/2012:10:51:07 +0200] "GET /javascript/overlib.js HTTP/1.1" 200 49243 negotiablekite.com "http://www.negotiablekite.com/anuncios/Cometas" "Mozilla/4.0 (compatible; MSIE 8.0; Windows NT 5.1; Trident/4.0; GTB7.4)" "-"
213.96.160.91 - - [10/Sep/2012:10:51:08 +0200] "GET /ajax/busqueda_ajax.js HTTP/1.1" 200 2050 negotiablekite.com "http://www.negotiablekite.com/anuncios/Cometas" "Mozilla/4.0 (compatible; MSIE 8.0; Windows NT 5.1; Trident/4.0; GTB7.4)" "-"
213.96.160.91 - - [10/Sep/2012:10:51:08 +0200] "GET /imagenes/redimensionar.php?imagen=imagenes/704imagen1xtremspots_IMAG0109.jpg HTTP/1.1" 200 1836 www.negotiablekite.com "http://www.negotiablekite.com/anuncios/Cometas" "Mozilla/4.0 (compatible; MSIE 8.0; Windows NT 5.1; Trident/4.0; GTB7.4)" "-"
213.96.160.91 - - [10/Sep/2012:10:51:08 +0200] "GET /imagenes/redimensionar.php?imagen=imagenes/659imagen1kitekato_IMG_2066.JPG HTTP/1.1" 200 2182 www.negotiablekite.com "http://www.negotiablekite.com/anuncios/Cometas" "Mozilla/4.0 (compatible; MSIE 8.0; Windows NT 5.1; Trident/4.0; GTB7.4)" "-"
213.96.160.91 - - [10/Sep/2012:10:51:08 +0200] "GET /imagenes/redimensionar.php?imagen=imagenes/706imagen1xtremspots_MORMAII8.jpg HTTP/1.1" 200 1811 www.negotiablekite.com "http://www.negotiablekite.com/anuncios/Cometas" "Mozilla/4.0 (compatible; MSIE 8.0; Windows NT 5.1; Trident/4.0; GTB7.4)" "-"
213.96.160.91 - - [10/Sep/2012:10:51:08 +0200] "GET /imagenes/redimensionar.php?imagen=imagenes/703imagen1xtremspots_BANDIT-5-12M-2012.jpg HTTP/1.1" 200 1981 www.negotiablekite.com "http://www.negotiablekite.com/anuncios/Cometas" "Mozilla/4.0 (compatible; MSIE 8.0; Windows NT 5.1; Trident/4.0; GTB7.4)" "-"
213.96.160.91 - - [10/Sep/2012:10:51:08 +0200] "GET /imagenes/redimensionar.php?imagen=imagenes/700imagen1xtremspots__TS--2012-12m-.jpg HTTP/1.1" 200 2164 www.negotiablekite.com "http://www.negotiablekite.com/anuncios/Cometas" "Mozilla/4.0 (compatible; MSIE 8.0; Windows NT 5.1; Trident/4.0; GTB7.4)" "-"
213.96.160.91 - - [10/Sep/2012:10:51:08 +0200] "GET /imagenes/redimensionar.php?imagen=imagenes/701imagen1xtremspots_KAHOONA-13,5-2012.jpg HTTP/1.1" 200 1996 www.negotiablekite.com "http://www.negotiablekite.com/anuncios/Cometas" "Mozilla/4.0 (compatible; MSIE 8.0; Windows NT 5.1; Trident/4.0; GTB7.4)" "-"
213.96.160.91 - - [10/Sep/2012:10:51:08 +0200] "GET /imagenes/redimensionar.php?imagen=imagenes/702imagen1xtremspots_KAHOONA-7,5.jpg HTTP/1.1" 200 2065 www.negotiablekite.com "http://www.negotiablekite.com/anuncios/Cometas" "Mozilla/4.0 (compatible; MSIE 8.0; Windows NT 5.1; Trident/4.0; GTB7.4)" "-"
213.96.160.91 - - [10/Sep/2012:10:51:08 +0200] "GET /imagenes/redimensionar.php?imagen=imagenes/698imagen1nitro_1%20(1).jpg HTTP/1.1" 200 1982 www.negotiablekite.com "http://www.negotiablekite.com/anuncios/Cometas" "Mozilla/4.0 (compatible; MSIE 8.0; Windows NT 5.1; Trident/4.0; GTB7.4)" "-"
213.96.160.91 - - [10/Sep/2012:10:51:08 +0200] "GET /imagenes/redimensionar.php?imagen=imagenes/699imagen1xtremspots_TS10M.jpg HTTP/1.1" 200 2236 www.negotiablekite.com "http://www.negotiablekite.com/anuncios/Cometas" "Mozilla/4.0 (compatible; MSIE 8.0; Windows NT 5.1; Trident/4.0; GTB7.4)" "-"
213.96.160.91 - - [10/Sep/2012:10:51:08 +0200] "GET /imagenes/redimensionar.php?imagen=imagenes/660imagen1kitekato_IMG_4414.JPG HTTP/1.1" 200 1261 www.negotiablekite.com "http://www.negotiablekite.com/anuncios/Cometas" "Mozilla/4.0 (compatible; MSIE 8.0; Windows NT 5.1; Trident/4.0; GTB7.4)" "-"
69.171.228.251 - - [10/Sep/2012:10:51:31 +0200] "GET /imagenes/redimensionar.php?anchura=377&hmax=333&imagen=%0A%09%09%09%09%09%09%09imagenes%2F710imagen1kitekato_IMG_3297.JPG HTTP/1.1" 200 13948 www.negotiablekite.com "-" "facebookexternalhit/1.0 (+http://www.facebook.com/externalhit_uatext.php)" "-"
69.171.229.113 - - [10/Sep/2012:10:51:31 +0200] "GET /imagenes/redimensionar.php?anchura=377&hmax=333&imagen=%0A%09%09%09%09%09%09%09imagenes%2F708imagen1kitekato_2012_rrd_kite_safety_leash_a.jpg HTTP/1.1" 200 8943 www.negotiablekite.com "-" "facebookexternalhit/1.0 (+http://www.facebook.com/externalhit_uatext.php)" "-"
69.171.237.14 - - [10/Sep/2012:10:52:22 +0200] "GET /imagenes/redimensionar.php?anchura=377&hmax=333&imagen=%0A%09%09%09%09%09%09%09imagenes%2F687imagen1kitekato_equipotorch016.jpg HTTP/1.1" 200 1021 www.negotiablekite.com "-" "facebookexternalhit/1.0 (+http://www.facebook.com/externalhit_uatext.php)" "-"
69.171.237.14 - - [10/Sep/2012:10:52:22 +0200] "GET /imagenes/redimensionar.php?anchura=377&hmax=333&imagen=%0A%09%09%09%09%09%09%09imagenes%2F685imagen1catalaussie_P1080650-red-black.JPG HTTP/1.1" 200 5730 www.negotiablekite.com "-" "facebookexternalhit/1.0 (+http://www.facebook.com/externalhit_uatext.php)" "-"
69.171.229.2 - - [10/Sep/2012:10:52:22 +0200] "GET /imagenes/redimensionar.php?anchura=377&hmax=333&imagen=%0A%09%09%09%09%09%09%09imagenes%2F686imagen1kitekato_IMG_4442.JPG HTTP/1.1" 200 15538 www.negotiablekite.com "-" "facebookexternalhit/1.0 (+http://www.facebook.com/externalhit_uatext.php)" "-"
69.171.234.6 - - [10/Sep/2012:10:52:23 +0200] "GET /imagenes/redimensionar.php?anchura=377&hmax=333&imagen=%0A%09%09%09%09%09%09%09imagenes%2F684imagen1catalaussie_TRX-14%20green-black%20%281%29.JPG HTTP/1.1" 200 14459 www.negotiablekite.com "-" "facebookexternalhit/1.0 (+http://www.facebook.com/externalhit_uatext.php)" "-"
66.249.66.152 - - [10/Sep/2012:10:52:41 +0200] "GET /robots.txt HTTP/1.1" 404 640 www.negotiablekite.com "-" "Mozilla/5.0 (compatible; Googlebot/2.1; +http://www.google.com/bot.html)" "-"
66.249.66.152 - - [10/Sep/2012:10:52:41 +0200] "GET /imagenes/redimensionar.php?imagen=imagenes/651imagen1iconkitesurf_REO%201.jpg HTTP/1.1" 200 2049 www.negotiablekite.com "-" "Mozilla/5.0 (compatible; Googlebot/2.1; +http://www.google.com/bot.html)" "-"
69.171.228.246 - - [10/Sep/2012:10:52:43 +0200] "GET /imagenes/redimensionar.php?anchura=377&hmax=333&imagen=%0A%09%09%09%09%09%09%09imagenes%2F710imagen1kitekato_IMG_3297.JPG HTTP/1.1" 200 13948 www.negotiablekite.com "-" "facebookexternalhit/1.0 (+http://www.facebook.com/externalhit_uatext.php)" "-"
69.171.234.7 - - [10/Sep/2012:10:53:41 +0200] "GET /imagenes/redimensionar.php?anchura=377&hmax=333&imagen=%0A%09%09%09%09%09%09%09imagenes%2F675imagen1fran_rod_PRO_WAIS_2.gif HTTP/1.1" 200 32534 www.negotiablekite.com "-" "facebookexternalhit/1.0 (+http://www.facebook.com/externalhit_uatext.php)" "-"
69.171.237.11 - - [10/Sep/2012:10:54:41 +0200] "GET /imagenes/redimensionar.php?anchura=377&hmax=333&imagen=%0A%09%09%09%09%09%09%09imagenes%2F677imagen1kitekato_tabla%20nobille.jpg HTTP/1.1" 200 1020 www.negotiablekite.com "-" "facebookexternalhit/1.0 (+http://www.facebook.com/externalhit_uatext.php)" "-"
69.171.224.5 - - [10/Sep/2012:10:55:45 +0200] "GET /imagenes/redimensionar.php?anchura=377&hmax=333&imagen=%0A%09%09%09%09%09%09%09imagenes%2F690imagen1kitekato_arnes%20kitenasih%202.jpg HTTP/1.1" 200 1024 www.negotiablekite.com "-" "facebookexternalhit/1.0 (+http://www.facebook.com/externalhit_uatext.php)" "-"
69.171.234.3 - - [10/Sep/2012:10:55:52 +0200] "GET /imagenes/697imagen1nitro_3.jpg HTTP/1.1" 200 17924 www.negotiablekite.com "-" "facebookexternalhit/1.0 (+http://www.facebook.com/externalhit_uatext.php)" "-"
69.171.237.15 - - [10/Sep/2012:10:55:52 +0200] "GET /imagenes/696imagen1nitro_tabla-cabrinha.jpg HTTP/1.1" 200 43244 www.negotiablekite.com "-" "facebookexternalhit/1.0 (+http://www.facebook.com/externalhit_uatext.php)" "-"
69.171.224.4 - - [10/Sep/2012:10:56:12 +0200] "GET /imagenes/redimensionar.php?anchura=377&hmax=333&imagen=%0A%09%09%09%09%09%09%09imagenes%2F710imagen1kitekato_IMG_3297.JPG HTTP/1.1" 200 13948 www.negotiablekite.com "-" "facebookexternalhit/1.0 (+http://www.facebook.com/externalhit_uatext.php)" "-"
178.154.204.251 - - [10/Sep/2012:10:57:06 +0200] "GET /robots.txt HTTP/1.1" 404 640 anuncioskite.com "-" "Mozilla/5.0 (compatible; YandexBot/3.0; +http://yandex.com/bots)" "-"
69.171.228.248 - - [10/Sep/2012:10:57:39 +0200] "GET /imagenes/redimensionar.php?anchura=377&hmax=333&imagen=%0A%09%09%09%09%09%09%09imagenes%2F690imagen1kitekato_arnes%20kitenasih%202.jpg HTTP/1.1" 200 1024 www.negotiablekite.com "-" "facebookexternalhit/1.0 (+http://www.facebook.com/externalhit_uatext.php)" "-"
69.171.234.4 - - [10/Sep/2012:11:01:05 +0200] "GET /imagenes/redimensionar.php?anchura=377&hmax=333&imagen=%0A%09%09%09%09%09%09%09imagenes%2F709imagen1kitekato_2012_mystic_venom_boardbag_1.jpg HTTP/1.1" 200 10545 www.negotiablekite.com "-" "facebookexternalhit/1.0 (+http://www.facebook.com/externalhit_uatext.php)" "-"
213.96.160.91 - - [10/Sep/2012:11:01:47 +0200] "GET /anuncio/699 HTTP/1.1" 200 13836 www.negotiablekite.com "http://www.negotiablekite.com/anuncios/Cometas" "Mozilla/4.0 (compatible; MSIE 8.0; Windows NT 5.1; Trident/4.0; GTB7.4)" "-"
213.96.160.91 - - [10/Sep/2012:11:01:48 +0200] "GET /imagenes/redimensionar.php?imagen=imagenes/698imagen3nitro_descarga.jpg HTTP/1.1" 200 1980 www.negotiablekite.com "http://www.negotiablekite.com/anuncio/699" "Mozilla/4.0 (compatible; MSIE 8.0; Windows NT 5.1; Trident/4.0; GTB7.4)" "-"
213.96.160.91 - - [10/Sep/2012:11:01:48 +0200] "GET /imagenes/redimensionar.php?imagen=imagenes/698imagen1nitro_1%20(1).jpg HTTP/1.1" 200 1982 www.negotiablekite.com "http://www.negotiablekite.com/anuncio/699" "Mozilla/4.0 (compatible; MSIE 8.0; Windows NT 5.1; Trident/4.0; GTB7.4)" "-"
213.96.160.91 - - [10/Sep/2012:11:01:48 +0200] "GET /recom_anun.php?codan=699 HTTP/1.1" 200 1395 www.negotiablekite.com "http://www.negotiablekite.com/anuncio/699" "Mozilla/4.0 (compatible; MSIE 8.0; Windows NT 5.1; Trident/4.0; GTB7.4)" "-"
213.96.160.91 - - [10/Sep/2012:11:01:48 +0200] "GET /imagenes/redimensionar.php?imagen=imagenes/698imagen2nitro_drifterrango.jpg HTTP/1.1" 200 2259 www.negotiablekite.com "http://www.negotiablekite.com/anuncio/699" "Mozilla/4.0 (compatible; MSIE 8.0; Windows NT 5.1; Trident/4.0; GTB7.4)" "-"
213.96.160.91 - - [10/Sep/2012:11:01:48 +0200] "GET /imagenes/redimensionar.php?anchura=377&hmax=333&imagen=imagenes/698imagen1nitro_1%20(1).jpg HTTP/1.1" 200 24060 www.negotiablekite.com "http://www.negotiablekite.com/anuncio/699" "Mozilla/4.0 (compatible; MSIE 8.0; Windows NT 5.1; Trident/4.0; GTB7.4)" "-"
213.96.160.91 - - [10/Sep/2012:11:01:48 +0200] "GET /imagenes/redimensionar.php?imagen=imagenes/698imagen4nitro_images.jpg HTTP/1.1" 200 1311 www.negotiablekite.com "http://www.negotiablekite.com/anuncio/699" "Mozilla/4.0 (compatible; MSIE 8.0; Windows NT 5.1; Trident/4.0; GTB7.4)" "-"
213.96.160.91 - - [10/Sep/2012:11:01:49 +0200] "GET /imagenes/698imagen1nitro_1%20(1).jpg HTTP/1.1" 200 60546 www.negotiablekite.com "http://www.negotiablekite.com/anuncio/699" "Mozilla/4.0 (compatible; MSIE 8.0; Windows NT 5.1; Trident/4.0; GTB7.4)" "-"
213.96.160.91 - - [10/Sep/2012:11:01:49 +0200] "GET / HTTP/1.1" 200 16469 www.negotiablekite.com "http://www.negotiablekite.com/anuncio/699" "Mozilla/4.0 (compatible; MSIE 8.0; Windows NT 5.1; Trident/4.0; GTB7.4)" "-"
69.171.234.5 - - [10/Sep/2012:11:02:16 +0200] "GET /imagenes/redimensionar.php?anchura=377&hmax=333&imagen=%0A%09%09%09%09%09%09%09imagenes%2F708imagen1kitekato_2012_rrd_kite_safety_leash_a.jpg HTTP/1.1" 200 8943 www.negotiablekite.com "-" "facebookexternalhit/1.0 (+http://www.facebook.com/externalhit_uatext.php)" "-"
66.220.149.248 - - [10/Sep/2012:11:02:17 +0200] "GET /imagenes/redimensionar.php?anchura=377&hmax=333&imagen=%0A%09%09%09%09%09%09%09imagenes%2F709imagen1kitekato_2012_mystic_venom_boardbag_1.jpg HTTP/1.1" 200 10545 www.negotiablekite.com "-" "facebookexternalhit/1.0 (+http://www.facebook.com/externalhit_uatext.php)" "-"
66.249.66.152 - - [10/Sep/2012:11:02:52 +0200] "GET /imagenes/redimensionar.php?imagen=imagenes/706imagen1xtremspots_MORMAII8.jpg HTTP/1.1" 200 1811 www.negotiablekite.com "-" "Googlebot-Image/1.0" "-"
213.96.160.91 - - [10/Sep/2012:11:03:20 +0200] "GET /imagenes/698imagen3nitro_descarga.jpg HTTP/1.1" 200 8713 www.negotiablekite.com "http://www.negotiablekite.com/anuncio/699" "Mozilla/4.0 (compatible; MSIE 8.0; Windows NT 5.1; Trident/4.0; GTB7.4)" "-"
213.96.160.91 - - [10/Sep/2012:11:03:20 +0200] "GET /imagenes/redimensionar.php?anchura=377&hmax=333&imagen=imagenes/698imagen3nitro_descarga.jpg HTTP/1.1" 200 16282 www.negotiablekite.com "http://www.negotiablekite.com/anuncio/699" "Mozilla/4.0 (compatible; MSIE 8.0; Windows NT 5.1; Trident/4.0; GTB7.4)" "-"
213.96.160.91 - - [10/Sep/2012:11:03:32 +0200] "GET /imagenes/698imagen2nitro_drifterrango.jpg HTTP/1.1" 200 15639 www.negotiablekite.com "http://www.negotiablekite.com/anuncio/699" "Mozilla/4.0 (compatible; MSIE 8.0; Windows NT 5.1; Trident/4.0; GTB7.4)" "-"
213.96.160.91 - - [10/Sep/2012:11:03:32 +0200] "GET /imagenes/redimensionar.php?anchura=377&hmax=333&imagen=imagenes/698imagen2nitro_drifterrango.jpg HTTP/1.1" 200 15271 www.negotiablekite.com "http://www.negotiablekite.com/anuncio/699" "Mozilla/4.0 (compatible; MSIE 8.0; Windows NT 5.1; Trident/4.0; GTB7.4)" "-"
213.96.160.91 - - [10/Sep/2012:11:03:43 +0200] "GET /anuncios/Tablas HTTP/1.1" 200 18142 www.negotiablekite.com "http://www.negotiablekite.com/anuncio/699" "Mozilla/4.0 (compatible; MSIE 8.0; Windows NT 5.1; Trident/4.0; GTB7.4)" "-"
213.96.160.91 - - [10/Sep/2012:11:03:43 +0200] "GET /imagenes/redimensionar.php?imagen=imagenes/710imagen1kitekato_IMG_3297.JPG HTTP/1.1" 200 1789 www.negotiablekite.com "http://www.negotiablekite.com/anuncios/Tablas" "Mozilla/4.0 (compatible; MSIE 8.0; Windows NT 5.1; Trident/4.0; GTB7.4)" "-"
213.96.160.91 - - [10/Sep/2012:11:03:44 +0200] "GET /imagenes/redimensionar.php?imagen=imagenes/696imagen1nitro_tabla-cabrinha.jpg HTTP/1.1" 200 2008 www.negotiablekite.com "http://www.negotiablekite.com/anuncios/Tablas" "Mozilla/4.0 (compatible; MSIE 8.0; Windows NT 5.1; Trident/4.0; GTB7.4)" "-"
213.96.160.91 - - [10/Sep/2012:11:03:44 +0200] "GET /imagenes/redimensionar.php?imagen=imagenes/694imagen1nitro_1.jpg HTTP/1.1" 200 1201 www.negotiablekite.com "http://www.negotiablekite.com/anuncios/Tablas" "Mozilla/4.0 (compatible; MSIE 8.0; Windows NT 5.1; Trident/4.0; GTB7.4)" "-"
213.96.160.91 - - [10/Sep/2012:11:03:44 +0200] "GET /imagenes/redimensionar.php?imagen=imagenes/705imagen1xtremspots_IMAG0111.jpg HTTP/1.1" 200 1339 www.negotiablekite.com "http://www.negotiablekite.com/anuncios/Tablas" "Mozilla/4.0 (compatible; MSIE 8.0; Windows NT 5.1; Trident/4.0; GTB7.4)" "-"
213.96.160.91 - - [10/Sep/2012:11:03:44 +0200] "GET /imagenes/redimensionar.php?imagen=imagenes/689imagen1sicowave_7739_kontact_med.jpg HTTP/1.1" 200 1679 www.negotiablekite.com "http://www.negotiablekite.com/anuncios/Tablas" "Mozilla/4.0 (compatible; MSIE 8.0; Windows NT 5.1; Trident/4.0; GTB7.4)" "-"
213.96.160.91 - - [10/Sep/2012:11:03:44 +0200] "GET /imagenes/redimensionar.php?imagen=imagenes/665imagen1jatocer_Flydoor%20XL-1.JPG HTTP/1.1" 200 1436 www.negotiablekite.com "http://www.negotiablekite.com/anuncios/Tablas" "Mozilla/4.0 (compatible; MSIE 8.0; Windows NT 5.1; Trident/4.0; GTB7.4)" "-"
213.96.160.91 - - [10/Sep/2012:11:03:44 +0200] "GET /imagenes/redimensionar.php?imagen=imagenes/671imagen1onkaloompa_IMG-20120730-WA0005.jpg HTTP/1.1" 200 1810 www.negotiablekite.com "http://www.negotiablekite.com/anuncios/Tablas" "Mozilla/4.0 (compatible; MSIE 8.0; Windows NT 5.1; Trident/4.0; GTB7.4)" "-"
213.96.160.91 - - [10/Sep/2012:11:03:44 +0200] "GET /imagenes/redimensionar.php?imagen=imagenes/686imagen1kitekato_IMG_4442.JPG HTTP/1.1" 200 1873 www.negotiablekite.com "http://www.negotiablekite.com/anuncios/Tablas" "Mozilla/4.0 (compatible; MSIE 8.0; Windows NT 5.1; Trident/4.0; GTB7.4)" "-"
213.96.160.91 - - [10/Sep/2012:11:03:44 +0200] "GET /imagenes/redimensionar.php?imagen=imagenes/676imagen1dani_IMAG0443.jpg HTTP/1.1" 200 1534 www.negotiablekite.com "http://www.negotiablekite.com/anuncios/Tablas" "Mozilla/4.0 (compatible; MSIE 8.0; Windows NT 5.1; Trident/4.0; GTB7.4)" "-"
188.77.51.156 - - [10/Sep/2012:11:04:08 +0200] "GET /anuncio/710 HTTP/1.1" 200 13250 www.negotiablekite.com "http://www.facebook.com/l/aAQHF_wDI/www.negotiablekite.com/anuncio/710" "Mozilla/5.0 (Windows NT 6.1; WOW64; rv:15.0) Gecko/20100101 Firefox/15.0.1" "-"
188.77.51.156 - - [10/Sep/2012:11:04:08 +0200] "GET /javascript/mueve_cometa.js HTTP/1.1" 200 1503 www.negotiablekite.com "http://www.negotiablekite.com/anuncio/710" "Mozilla/5.0 (Windows NT 6.1; WOW64; rv:15.0) Gecko/20100101 Firefox/15.0.1" "-"
188.77.51.156 - - [10/Sep/2012:11:04:08 +0200] "GET /javascript/efecto_menu.js HTTP/1.1" 200 276 www.negotiablekite.com "http://www.negotiablekite.com/anuncio/710" "Mozilla/5.0 (Windows NT 6.1; WOW64; rv:15.0) Gecko/20100101 Firefox/15.0.1" "-"
188.77.51.156 - - [10/Sep/2012:11:04:08 +0200] "GET /anuncio_script.js HTTP/1.1" 200 865 www.negotiablekite.com "http://www.negotiablekite.com/anuncio/710" "Mozilla/5.0 (Windows NT 6.1; WOW64; rv:15.0) Gecko/20100101 Firefox/15.0.1" "-"
188.77.51.156 - - [10/Sep/2012:11:04:08 +0200] "GET /estilos.css HTTP/1.1" 200 37433 www.negotiablekite.com "http://www.negotiablekite.com/anuncio/710" "Mozilla/5.0 (Windows NT 6.1; WOW64; rv:15.0) Gecko/20100101 Firefox/15.0.1" "-"
188.77.51.156 - - [10/Sep/2012:11:04:08 +0200] "GET /javascript/overlib.js HTTP/1.1" 200 49243 www.negotiablekite.com "http://www.negotiablekite.com/anuncio/710" "Mozilla/5.0 (Windows NT 6.1; WOW64; rv:15.0) Gecko/20100101 Firefox/15.0.1" "-"
188.77.51.156 - - [10/Sep/2012:11:04:09 +0200] "GET /javascript/cloud-zoom.1.0.2.min.js HTTP/1.1" 200 6987 www.negotiablekite.com "http://www.negotiablekite.com/anuncio/710" "Mozilla/5.0 (Windows NT 6.1; WOW64; rv:15.0) Gecko/20100101 Firefox/15.0.1" "-"
188.77.51.156 - - [10/Sep/2012:11:04:09 +0200] "GET /ajax/anuncio_ajax.js HTTP/1.1" 200 3476 www.negotiablekite.com "http://www.negotiablekite.com/anuncio/710" "Mozilla/5.0 (Windows NT 6.1; WOW64; rv:15.0) Gecko/20100101 Firefox/15.0.1" "-"
188.77.51.156 - - [10/Sep/2012:11:04:09 +0200] "GET /iconos/logo2.png HTTP/1.1" 200 4986 www.negotiablekite.com "http://www.negotiablekite.com/anuncio/710" "Mozilla/5.0 (Windows NT 6.1; WOW64; rv:15.0) Gecko/20100101 Firefox/15.0.1" "-"
188.77.51.156 - - [10/Sep/2012:11:04:09 +0200] "GET /iconos/favicon.ico HTTP/1.1" 200 1406 www.negotiablekite.com "-" "Mozilla/5.0 (Windows NT 6.1; WOW64; rv:15.0) Gecko/20100101 Firefox/15.0.1" "-"
188.77.51.156 - - [10/Sep/2012:11:04:09 +0200] "GET /imagenes/redimensionar.php?imagen=imagenes/709imagen1kitekato_2012_mystic_venom_boardbag_1.jpg HTTP/1.1" 200 1625 www.negotiablekite.com "http://www.negotiablekite.com/anuncio/710" "Mozilla/5.0 (Windows NT 6.1; WOW64; rv:15.0) Gecko/20100101 Firefox/15.0.1" "-"
188.77.51.156 - - [10/Sep/2012:11:04:09 +0200] "GET /imagenes/redimensionar.php?anchura=377&hmax=333&imagen=imagenes/709imagen1kitekato_2012_mystic_venom_boardbag_1.jpg HTTP/1.1" 200 10545 www.negotiablekite.com "http://www.negotiablekite.com/anuncio/710" "Mozilla/5.0 (Windows NT 6.1; WOW64; rv:15.0) Gecko/20100101 Firefox/15.0.1" "-"
188.77.51.156 - - [10/Sep/2012:11:04:09 +0200] "GET /imagenes/redimensionar.php?imagen=imagenes/icono-camara.jpg HTTP/1.1" 200 1281 www.negotiablekite.com "http://www.negotiablekite.com/anuncio/710" "Mozilla/5.0 (Windows NT 6.1; WOW64; rv:15.0) Gecko/20100101 Firefox/15.0.1" "-"
188.77.51.156 - - [10/Sep/2012:11:04:09 +0200] "GET /imagenes/redimensionar.php?imagen=imagenes/709imagen3kitekato_i5cobcwa.jpg HTTP/1.1" 200 2113 www.negotiablekite.com "http://www.negotiablekite.com/anuncio/710" "Mozilla/5.0 (Windows NT 6.1; WOW64; rv:15.0) Gecko/20100101 Firefox/15.0.1" "-"
188.77.51.156 - - [10/Sep/2012:11:04:09 +0200] "GET /layout/fondo_body.png HTTP/1.1" 200 127 www.negotiablekite.com "http://www.negotiablekite.com/estilos.css" "Mozilla/5.0 (Windows NT 6.1; WOW64; rv:15.0) Gecko/20100101 Firefox/15.0.1" "-"
188.77.51.156 - - [10/Sep/2012:11:04:09 +0200] "GET /iconos/titulo3.png HTTP/1.1" 200 23954 www.negotiablekite.com "http://www.negotiablekite.com/estilos.css" "Mozilla/5.0 (Windows NT 6.1; WOW64; rv:15.0) Gecko/20100101 Firefox/15.0.1" "-"
188.77.51.156 - - [10/Sep/2012:11:04:09 +0200] "GET /iconos/detalle_nk.png HTTP/1.1" 200 1107 www.negotiablekite.com "http://www.negotiablekite.com/estilos.css" "Mozilla/5.0 (Windows NT 6.1; WOW64; rv:15.0) Gecko/20100101 Firefox/15.0.1" "-"
188.77.51.156 - - [10/Sep/2012:11:04:09 +0200] "GET /iconos/cometas_link.png HTTP/1.1" 200 2700 www.negotiablekite.com "http://www.negotiablekite.com/estilos.css" "Mozilla/5.0 (Windows NT 6.1; WOW64; rv:15.0) Gecko/20100101 Firefox/15.0.1" "-"
188.77.51.156 - - [10/Sep/2012:11:04:09 +0200] "GET /iconos/barras_link.png HTTP/1.1" 200 2014 www.negotiablekite.com "http://www.negotiablekite.com/estilos.css" "Mozilla/5.0 (Windows NT 6.1; WOW64; rv:15.0) Gecko/20100101 Firefox/15.0.1" "-"
188.77.51.156 - - [10/Sep/2012:11:04:09 +0200] "GET /iconos/tablas_link.png HTTP/1.1" 200 2088 www.negotiablekite.com "http://www.negotiablekite.com/estilos.css" "Mozilla/5.0 (Windows NT 6.1; WOW64; rv:15.0) Gecko/20100101 Firefox/15.0.1" "-"
188.77.51.156 - - [10/Sep/2012:11:04:09 +0200] "GET /iconos/arneses_link.png HTTP/1.1" 200 2202 www.negotiablekite.com "http://www.negotiablekite.com/estilos.css" "Mozilla/5.0 (Windows NT 6.1; WOW64; rv:15.0) Gecko/20100101 Firefox/15.0.1" "-"
188.77.51.156 - - [10/Sep/2012:11:04:09 +0200] "GET /layout/busq_rap.png HTTP/1.1" 200 128 www.negotiablekite.com "http://www.negotiablekite.com/estilos.css" "Mozilla/5.0 (Windows NT 6.1; WOW64; rv:15.0) Gecko/20100101 Firefox/15.0.1" "-"
188.77.51.156 - - [10/Sep/2012:11:04:09 +0200] "GET /iconos/accesorios_link.png HTTP/1.1" 200 3245 www.negotiablekite.com "http://www.negotiablekite.com/estilos.css" "Mozilla/5.0 (Windows NT 6.1; WOW64; rv:15.0) Gecko/20100101 Firefox/15.0.1" "-"
188.77.51.156 - - [10/Sep/2012:11:04:09 +0200] "GET /layout/buscar.png HTTP/1.1" 200 679 www.negotiablekite.com "http://www.negotiablekite.com/estilos.css" "Mozilla/5.0 (Windows NT 6.1; WOW64; rv:15.0) Gecko/20100101 Firefox/15.0.1" "-"
188.77.51.156 - - [10/Sep/2012:11:04:09 +0200] "GET /imagenes/redimensionar.php?imagen=imagenes/709imagen2kitekato_fotoFUNSA%20MYSTIC.JPG HTTP/1.1" 200 2047 www.negotiablekite.com "http://www.negotiablekite.com/anuncio/710" "Mozilla/5.0 (Windows NT 6.1; WOW64; rv:15.0) Gecko/20100101 Firefox/15.0.1" "-"
188.77.51.156 - - [10/Sep/2012:11:04:09 +0200] "GET /layout/barra_negr_sombra1.png HTTP/1.1" 200 273 www.negotiablekite.com "http://www.negotiablekite.com/estilos.css" "Mozilla/5.0 (Windows NT 6.1; WOW64; rv:15.0) Gecko/20100101 Firefox/15.0.1" "-"
188.77.51.156 - - [10/Sep/2012:11:04:09 +0200] "GET /layout/fondo_users.png HTTP/1.1" 200 343 www.negotiablekite.com "http://www.negotiablekite.com/estilos.css" "Mozilla/5.0 (Windows NT 6.1; WOW64; rv:15.0) Gecko/20100101 Firefox/15.0.1" "-"
188.77.51.156 - - [10/Sep/2012:11:04:09 +0200] "GET /recom_anun.php?codan=710 HTTP/1.1" 200 1395 www.negotiablekite.com "http://www.negotiablekite.com/anuncio/710" "Mozilla/5.0 (Windows NT 6.1; WOW64; rv:15.0) Gecko/20100101 Firefox/15.0.1" "-"
188.77.51.156 - - [10/Sep/2012:11:04:09 +0200] "GET /imagenes/709imagen1kitekato_2012_mystic_venom_boardbag_1.jpg HTTP/1.1" 200 45270 www.negotiablekite.com "http://www.negotiablekite.com/anuncio/710" "Mozilla/5.0 (Windows NT 6.1; WOW64; rv:15.0) Gecko/20100101 Firefox/15.0.1" "-"
188.77.51.156 - - [10/Sep/2012:11:04:10 +0200] "GET /javascript/recom_anun.js HTTP/1.1" 200 2924 www.negotiablekite.com "http://www.negotiablekite.com/recom_anun.php?codan=710" "Mozilla/5.0 (Windows NT 6.1; WOW64; rv:15.0) Gecko/20100101 Firefox/15.0.1" "-"
188.77.51.156 - - [10/Sep/2012:11:04:10 +0200] "GET / HTTP/1.1" 200 16469 www.negotiablekite.com "http://www.negotiablekite.com/anuncio/710" "Mozilla/5.0 (Windows NT 6.1; WOW64; rv:15.0) Gecko/20100101 Firefox/15.0.1" "-"
213.96.160.91 - - [10/Sep/2012:11:04:15 +0200] "GET /anuncio/672 HTTP/1.1" 200 13138 www.negotiablekite.com "http://www.negotiablekite.com/anuncios/Tablas" "Mozilla/4.0 (compatible; MSIE 8.0; Windows NT 5.1; Trident/4.0; GTB7.4)" "-"
188.77.51.156 - - [10/Sep/2012:11:04:15 +0200] "GET /imagenes/709imagen2kitekato_fotoFUNSA%20MYSTIC.JPG HTTP/1.1" 200 517092 www.negotiablekite.com "http://www.negotiablekite.com/anuncio/710" "Mozilla/5.0 (Windows NT 6.1; WOW64; rv:15.0) Gecko/20100101 Firefox/15.0.1" "-"
188.77.51.156 - - [10/Sep/2012:11:04:15 +0200] "GET /imagenes/redimensionar.php?anchura=377&hmax=333&imagen=imagenes/709imagen2kitekato_fotoFUNSA%20MYSTIC.JPG HTTP/1.1" 200 16826 www.negotiablekite.com "http://www.negotiablekite.com/anuncio/710" "Mozilla/5.0 (Windows NT 6.1; WOW64; rv:15.0) Gecko/20100101 Firefox/15.0.1" "-"
213.96.160.91 - - [10/Sep/2012:11:04:16 +0200] "GET /imagenes/redimensionar.php?imagen=imagenes/671imagen1onkaloompa_IMG-20120730-WA0005.jpg HTTP/1.1" 200 1810 www.negotiablekite.com "http://www.negotiablekite.com/anuncio/672" "Mozilla/4.0 (compatible; MSIE 8.0; Windows NT 5.1; Trident/4.0; GTB7.4)" "-"
213.96.160.91 - - [10/Sep/2012:11:04:16 +0200] "GET /imagenes/redimensionar.php?imagen=imagenes/icono-camara.jpg HTTP/1.1" 200 1281 www.negotiablekite.com "http://www.negotiablekite.com/anuncio/672" "Mozilla/4.0 (compatible; MSIE 8.0; Windows NT 5.1; Trident/4.0; GTB7.4)" "-"
213.96.160.91 - - [10/Sep/2012:11:04:16 +0200] "GET /imagenes/redimensionar.php?imagen=imagenes/671imagen2onkaloompa_IMG-20120730-WA0006.jpg HTTP/1.1" 200 1166 www.negotiablekite.com "http://www.negotiablekite.com/anuncio/672" "Mozilla/4.0 (compatible; MSIE 8.0; Windows NT 5.1; Trident/4.0; GTB7.4)" "-"
213.96.160.91 - - [10/Sep/2012:11:04:16 +0200] "GET /recom_anun.php?codan=672 HTTP/1.1" 200 1395 www.negotiablekite.com "http://www.negotiablekite.com/anuncio/672" "Mozilla/4.0 (compatible; MSIE 8.0; Windows NT 5.1; Trident/4.0; GTB7.4)" "-"
213.96.160.91 - - [10/Sep/2012:11:04:16 +0200] "GET /imagenes/redimensionar.php?anchura=377&hmax=333&imagen=imagenes/671imagen1onkaloompa_IMG-20120730-WA0005.jpg HTTP/1.1" 200 18509 www.negotiablekite.com "http://www.negotiablekite.com/anuncio/672" "Mozilla/4.0 (compatible; MSIE 8.0; Windows NT 5.1; Trident/4.0; GTB7.4)" "-"
213.96.160.91 - - [10/Sep/2012:11:04:16 +0200] "GET /imagenes/671imagen1onkaloompa_IMG-20120730-WA0005.jpg HTTP/1.1" 200 82568 www.negotiablekite.com "http://www.negotiablekite.com/anuncio/672" "Mozilla/4.0 (compatible; MSIE 8.0; Windows NT 5.1; Trident/4.0; GTB7.4)" "-"
213.96.160.91 - - [10/Sep/2012:11:04:17 +0200] "GET / HTTP/1.1" 200 16469 www.negotiablekite.com "http://www.negotiablekite.com/anuncio/672" "Mozilla/4.0 (compatible; MSIE 8.0; Windows NT 5.1; Trident/4.0; GTB7.4)" "-"
188.77.51.156 - - [10/Sep/2012:11:04:17 +0200] "GET / HTTP/1.1" 200 16469 www.negotiablekite.com "http://www.negotiablekite.com/anuncio/710" "Mozilla/5.0 (Windows NT 6.1; WOW64; rv:15.0) Gecko/20100101 Firefox/15.0.1" "-"
188.77.51.156 - - [10/Sep/2012:11:04:19 +0200] "GET /imagenes/redimensionar.php?anchura=377&hmax=333&imagen=imagenes/709imagen3kitekato_i5cobcwa.jpg HTTP/1.1" 200 23931 www.negotiablekite.com "http://www.negotiablekite.com/anuncio/710" "Mozilla/5.0 (Windows NT 6.1; WOW64; rv:15.0) Gecko/20100101 Firefox/15.0.1" "-"
188.77.51.156 - - [10/Sep/2012:11:04:20 +0200] "GET /imagenes/709imagen3kitekato_i5cobcwa.jpg HTTP/1.1" 200 276144 www.negotiablekite.com "http://www.negotiablekite.com/anuncio/710" "Mozilla/5.0 (Windows NT 6.1; WOW64; rv:15.0) Gecko/20100101 Firefox/15.0.1" "-"
188.77.51.156 - - [10/Sep/2012:11:04:21 +0200] "GET / HTTP/1.1" 200 16469 www.negotiablekite.com "http://www.negotiablekite.com/anuncio/710" "Mozilla/5.0 (Windows NT 6.1; WOW64; rv:15.0) Gecko/20100101 Firefox/15.0.1" "-"
213.96.160.91 - - [10/Sep/2012:11:04:23 +0200] "GET /imagenes/671imagen2onkaloompa_IMG-20120730-WA0006.jpg HTTP/1.1" 200 33829 www.negotiablekite.com "http://www.negotiablekite.com/anuncio/672" "Mozilla/4.0 (compatible; MSIE 8.0; Windows NT 5.1; Trident/4.0; GTB7.4)" "-"
213.96.160.91 - - [10/Sep/2012:11:04:23 +0200] "GET /imagenes/redimensionar.php?anchura=377&hmax=333&imagen=imagenes/671imagen2onkaloompa_IMG-20120730-WA0006.jpg HTTP/1.1" 200 7587 www.negotiablekite.com "http://www.negotiablekite.com/anuncio/672" "Mozilla/4.0 (compatible; MSIE 8.0; Windows NT 5.1; Trident/4.0; GTB7.4)" "-"
188.77.51.156 - - [10/Sep/2012:11:04:24 +0200] "GET / HTTP/1.1" 200 16469 www.negotiablekite.com "http://www.negotiablekite.com/anuncio/710" "Mozilla/5.0 (Windows NT 6.1; WOW64; rv:15.0) Gecko/20100101 Firefox/15.0.1" "-"
188.77.51.156 - - [10/Sep/2012:11:04:25 +0200] "GET / HTTP/1.1" 200 16469 www.negotiablekite.com "http://www.negotiablekite.com/anuncio/710" "Mozilla/5.0 (Windows NT 6.1; WOW64; rv:15.0) Gecko/20100101 Firefox/15.0.1" "-"
213.186.127.4 - - [10/Sep/2012:11:04:31 +0200] "GET /busqueda.php?clase=Cometas&_pagi_pg=1 HTTP/1.1" 200 19280 www.negotiablekite.com "-" "Mozilla/5.0 (compatible; AhrefsBot/3.1; +http://ahrefs.com/robot/)" "-"
213.96.160.91 - - [10/Sep/2012:11:04:31 +0200] "GET /anuncios/Tablas HTTP/1.1" 200 18142 www.negotiablekite.com "http://www.negotiablekite.com/anuncio/699" "Mozilla/4.0 (compatible; MSIE 8.0; Windows NT 5.1; Trident/4.0; GTB7.4)" "-"
213.96.160.91 - - [10/Sep/2012:11:04:32 +0200] "GET /iconos/favicon.ico HTTP/1.1" 200 1406 www.negotiablekite.com "-" "Mozilla/4.0 (compatible; MSIE 8.0; Windows NT 5.1; Trident/4.0; GTB7.4)" "-"
69.171.229.115 - - [10/Sep/2012:11:04:37 +0200] "GET /imagenes/redimensionar.php?anchura=377&hmax=333&imagen=%0A%09%09%09%09%09%09%09imagenes%2F708imagen1kitekato_2012_rrd_kite_safety_leash_a.jpg HTTP/1.1" 200 8943 www.negotiablekite.com "-" "facebookexternalhit/1.0 (+http://www.facebook.com/externalhit_uatext.php)" "-"
69.171.229.116 - - [10/Sep/2012:11:04:38 +0200] "GET /imagenes/redimensionar.php?anchura=377&hmax=333&imagen=%0A%09%09%09%09%09%09%09imagenes%2Ficono-camara.jpg HTTP/1.1" 200 8472 www.negotiablekite.com "-" "facebookexternalhit/1.0 (+http://www.facebook.com/externalhit_uatext.php)" "-"
213.96.160.91 - - [10/Sep/2012:11:04:41 +0200] "GET /anuncio/695 HTTP/1.1" 200 13372 www.negotiablekite.com "http://www.negotiablekite.com/anuncios/Tablas" "Mozilla/4.0 (compatible; MSIE 8.0; Windows NT 5.1; Trident/4.0; GTB7.4)" "-"
188.77.51.156 - - [10/Sep/2012:11:04:41 +0200] "GET /anuncio/708 HTTP/1.1" 200 12915 www.negotiablekite.com "http://www.facebook.com/l/QAQFF-n0e/www.negotiablekite.com/anuncio/708" "Mozilla/5.0 (Windows NT 6.1; WOW64; rv:15.0) Gecko/20100101 Firefox/15.0.1" "-"
188.77.51.156 - - [10/Sep/2012:11:04:41 +0200] "GET /imagenes/redimensionar.php?anchura=377&hmax=333&imagen=imagenes/icono-camara.jpg HTTP/1.1" 200 8472 www.negotiablekite.com "http://www.negotiablekite.com/anuncio/708" "Mozilla/5.0 (Windows NT 6.1; WOW64; rv:15.0) Gecko/20100101 Firefox/15.0.1" "-"
188.77.51.156 - - [10/Sep/2012:11:04:41 +0200] "GET /imagenes/redimensionar.php?imagen=imagenes/icono-camara.jpg HTTP/1.1" 200 1281 www.negotiablekite.com "http://www.negotiablekite.com/anuncio/708" "Mozilla/5.0 (Windows NT 6.1; WOW64; rv:15.0) Gecko/20100101 Firefox/15.0.1" "-"
213.96.160.91 - - [10/Sep/2012:11:04:41 +0200] "GET /imagenes/redimensionar.php?anchura=377&hmax=333&imagen=imagenes/694imagen1nitro_1.jpg HTTP/1.1" 200 7481 www.negotiablekite.com "http://www.negotiablekite.com/anuncio/695" "Mozilla/4.0 (compatible; MSIE 8.0; Windows NT 5.1; Trident/4.0; GTB7.4)" "-"
188.77.51.156 - - [10/Sep/2012:11:04:42 +0200] "GET /imagenes/icono-camara.jpg HTTP/1.1" 200 1357 www.negotiablekite.com "http://www.negotiablekite.com/anuncio/708" "Mozilla/5.0 (Windows NT 6.1; WOW64; rv:15.0) Gecko/20100101 Firefox/15.0.1" "-"
188.77.51.156 - - [10/Sep/2012:11:04:42 +0200] "GET /recom_anun.php?codan=708 HTTP/1.1" 200 1395 www.negotiablekite.com "http://www.negotiablekite.com/anuncio/708" "Mozilla/5.0 (Windows NT 6.1; WOW64; rv:15.0) Gecko/20100101 Firefox/15.0.1" "-"
213.96.160.91 - - [10/Sep/2012:11:04:42 +0200] "GET /imagenes/redimensionar.php?imagen=imagenes/694imagen4nitro_images.jpg HTTP/1.1" 200 1311 www.negotiablekite.com "http://www.negotiablekite.com/anuncio/695" "Mozilla/4.0 (compatible; MSIE 8.0; Windows NT 5.1; Trident/4.0; GTB7.4)" "-"
213.96.160.91 - - [10/Sep/2012:11:04:42 +0200] "GET /imagenes/redimensionar.php?imagen=imagenes/694imagen1nitro_1.jpg HTTP/1.1" 200 1201 www.negotiablekite.com "http://www.negotiablekite.com/anuncio/695" "Mozilla/4.0 (compatible; MSIE 8.0; Windows NT 5.1; Trident/4.0; GTB7.4)" "-"
213.96.160.91 - - [10/Sep/2012:11:04:42 +0200] "GET /imagenes/redimensionar.php?imagen=imagenes/694imagen2nitro_2.jpg HTTP/1.1" 200 1249 www.negotiablekite.com "http://www.negotiablekite.com/anuncio/695" "Mozilla/4.0 (compatible; MSIE 8.0; Windows NT 5.1; Trident/4.0; GTB7.4)" "-"
213.96.160.91 - - [10/Sep/2012:11:04:42 +0200] "GET /imagenes/redimensionar.php?imagen=imagenes/694imagen3nitro_vectorrango.jpg HTTP/1.1" 200 2377 www.negotiablekite.com "http://www.negotiablekite.com/anuncio/695" "Mozilla/4.0 (compatible; MSIE 8.0; Windows NT 5.1; Trident/4.0; GTB7.4)" "-"
213.96.160.91 - - [10/Sep/2012:11:04:42 +0200] "GET /recom_anun.php?codan=695 HTTP/1.1" 200 1395 www.negotiablekite.com "http://www.negotiablekite.com/anuncio/695" "Mozilla/4.0 (compatible; MSIE 8.0; Windows NT 5.1; Trident/4.0; GTB7.4)" "-"
188.77.51.156 - - [10/Sep/2012:11:04:42 +0200] "GET / HTTP/1.1" 200 16469 www.negotiablekite.com "http://www.negotiablekite.com/anuncio/708" "Mozilla/5.0 (Windows NT 6.1; WOW64; rv:15.0) Gecko/20100101 Firefox/15.0.1" "-"
213.96.160.91 - - [10/Sep/2012:11:04:42 +0200] "GET /imagenes/694imagen1nitro_1.jpg HTTP/1.1" 200 38557 www.negotiablekite.com "http://www.negotiablekite.com/anuncio/695" "Mozilla/4.0 (compatible; MSIE 8.0; Windows NT 5.1; Trident/4.0; GTB7.4)" "-"
213.96.160.91 - - [10/Sep/2012:11:04:42 +0200] "GET / HTTP/1.1" 200 16469 www.negotiablekite.com "http://www.negotiablekite.com/anuncio/695" "Mozilla/4.0 (compatible; MSIE 8.0; Windows NT 5.1; Trident/4.0; GTB7.4)" "-"
213.96.160.91 - - [10/Sep/2012:11:04:46 +0200] "GET /imagenes/redimensionar.php?anchura=377&hmax=333&imagen=imagenes/694imagen2nitro_2.jpg HTTP/1.1" 200 7960 www.negotiablekite.com "http://www.negotiablekite.com/anuncio/695" "Mozilla/4.0 (compatible; MSIE 8.0; Windows NT 5.1; Trident/4.0; GTB7.4)" "-"
213.96.160.91 - - [10/Sep/2012:11:04:46 +0200] "GET /imagenes/694imagen2nitro_2.jpg HTTP/1.1" 200 38179 www.negotiablekite.com "http://www.negotiablekite.com/anuncio/695" "Mozilla/4.0 (compatible; MSIE 8.0; Windows NT 5.1; Trident/4.0; GTB7.4)" "-"
188.77.51.156 - - [10/Sep/2012:11:04:50 +0200] "GET /anuncios/Cometas HTTP/1.1" 200 19259 www.negotiablekite.com "http://www.negotiablekite.com/anuncio/708" "Mozilla/5.0 (Windows NT 6.1; WOW64; rv:15.0) Gecko/20100101 Firefox/15.0.1" "-"
188.77.51.156 - - [10/Sep/2012:11:04:51 +0200] "GET /busqueda.js HTTP/1.1" 200 10480 negotiablekite.com "http://www.negotiablekite.com/anuncios/Cometas" "Mozilla/5.0 (Windows NT 6.1; WOW64; rv:15.0) Gecko/20100101 Firefox/15.0.1" "-"
188.77.51.156 - - [10/Sep/2012:11:04:51 +0200] "GET /imagenes/redimensionar.php?imagen=imagenes/703imagen1xtremspots_BANDIT-5-12M-2012.jpg HTTP/1.1" 200 1981 www.negotiablekite.com "http://www.negotiablekite.com/anuncios/Cometas" "Mozilla/5.0 (Windows NT 6.1; WOW64; rv:15.0) Gecko/20100101 Firefox/15.0.1" "-"
188.77.51.156 - - [10/Sep/2012:11:04:51 +0200] "GET /ajax/busqueda_ajax.js HTTP/1.1" 200 2050 negotiablekite.com "http://www.negotiablekite.com/anuncios/Cometas" "Mozilla/5.0 (Windows NT 6.1; WOW64; rv:15.0) Gecko/20100101 Firefox/15.0.1" "-"
188.77.51.156 - - [10/Sep/2012:11:04:51 +0200] "GET /imagenes/redimensionar.php?imagen=imagenes/704imagen1xtremspots_IMAG0109.jpg HTTP/1.1" 200 1836 www.negotiablekite.com "http://www.negotiablekite.com/anuncios/Cometas" "Mozilla/5.0 (Windows NT 6.1; WOW64; rv:15.0) Gecko/20100101 Firefox/15.0.1" "-"
188.77.51.156 - - [10/Sep/2012:11:04:51 +0200] "GET /imagenes/redimensionar.php?imagen=imagenes/706imagen1xtremspots_MORMAII8.jpg HTTP/1.1" 200 1811 www.negotiablekite.com "http://www.negotiablekite.com/anuncios/Cometas" "Mozilla/5.0 (Windows NT 6.1; WOW64; rv:15.0) Gecko/20100101 Firefox/15.0.1" "-"
188.77.51.156 - - [10/Sep/2012:11:04:51 +0200] "GET /imagenes/redimensionar.php?imagen=imagenes/702imagen1xtremspots_KAHOONA-7,5.jpg HTTP/1.1" 200 2065 www.negotiablekite.com "http://www.negotiablekite.com/anuncios/Cometas" "Mozilla/5.0 (Windows NT 6.1; WOW64; rv:15.0) Gecko/20100101 Firefox/15.0.1" "-"
188.77.51.156 - - [10/Sep/2012:11:04:51 +0200] "GET /imagenes/redimensionar.php?imagen=imagenes/659imagen1kitekato_IMG_2066.JPG HTTP/1.1" 200 2182 www.negotiablekite.com "http://www.negotiablekite.com/anuncios/Cometas" "Mozilla/5.0 (Windows NT 6.1; WOW64; rv:15.0) Gecko/20100101 Firefox/15.0.1" "-"
188.77.51.156 - - [10/Sep/2012:11:04:51 +0200] "GET /javascript/overlib.js HTTP/1.1" 200 49243 negotiablekite.com "http://www.negotiablekite.com/anuncios/Cometas" "Mozilla/5.0 (Windows NT 6.1; WOW64; rv:15.0) Gecko/20100101 Firefox/15.0.1" "-"
188.77.51.156 - - [10/Sep/2012:11:04:51 +0200] "GET /imagenes/redimensionar.php?imagen=imagenes/700imagen1xtremspots__TS--2012-12m-.jpg HTTP/1.1" 200 2164 www.negotiablekite.com "http://www.negotiablekite.com/anuncios/Cometas" "Mozilla/5.0 (Windows NT 6.1; WOW64; rv:15.0) Gecko/20100101 Firefox/15.0.1" "-"
188.77.51.156 - - [10/Sep/2012:11:04:51 +0200] "GET /imagenes/redimensionar.php?imagen=imagenes/701imagen1xtremspots_KAHOONA-13,5-2012.jpg HTTP/1.1" 200 1996 www.negotiablekite.com "http://www.negotiablekite.com/anuncios/Cometas" "Mozilla/5.0 (Windows NT 6.1; WOW64; rv:15.0) Gecko/20100101 Firefox/15.0.1" "-"
188.77.51.156 - - [10/Sep/2012:11:04:51 +0200] "GET /imagenes/redimensionar.php?imagen=imagenes/698imagen1nitro_1%20(1).jpg HTTP/1.1" 200 1982 www.negotiablekite.com "http://www.negotiablekite.com/anuncios/Cometas" "Mozilla/5.0 (Windows NT 6.1; WOW64; rv:15.0) Gecko/20100101 Firefox/15.0.1" "-"
188.77.51.156 - - [10/Sep/2012:11:04:51 +0200] "GET /imagenes/redimensionar.php?imagen=imagenes/699imagen1xtremspots_TS10M.jpg HTTP/1.1" 200 2236 www.negotiablekite.com "http://www.negotiablekite.com/anuncios/Cometas" "Mozilla/5.0 (Windows NT 6.1; WOW64; rv:15.0) Gecko/20100101 Firefox/15.0.1" "-"
188.77.51.156 - - [10/Sep/2012:11:04:51 +0200] "GET /imagenes/redimensionar.php?imagen=imagenes/660imagen1kitekato_IMG_4414.JPG HTTP/1.1" 200 1261 www.negotiablekite.com "http://www.negotiablekite.com/anuncios/Cometas" "Mozilla/5.0 (Windows NT 6.1; WOW64; rv:15.0) Gecko/20100101 Firefox/15.0.1" "-"
213.96.160.91 - - [10/Sep/2012:11:04:56 +0200] "GET /anuncios/Tablas HTTP/1.1" 200 18142 www.negotiablekite.com "http://www.negotiablekite.com/anuncio/699" "Mozilla/4.0 (compatible; MSIE 8.0; Windows NT 5.1; Trident/4.0; GTB7.4)" "-"
213.96.160.91 - - [10/Sep/2012:11:05:01 +0200] "GET /anuncio/697 HTTP/1.1" 200 13424 www.negotiablekite.com "http://www.negotiablekite.com/anuncios/Tablas" "Mozilla/4.0 (compatible; MSIE 8.0; Windows NT 5.1; Trident/4.0; GTB7.4)" "-"
213.96.160.91 - - [10/Sep/2012:11:05:02 +0200] "GET /imagenes/redimensionar.php?imagen=imagenes/696imagen3nitro_images.jpg HTTP/1.1" 200 1311 www.negotiablekite.com "http://www.negotiablekite.com/anuncio/697" "Mozilla/4.0 (compatible; MSIE 8.0; Windows NT 5.1; Trident/4.0; GTB7.4)" "-"
213.96.160.91 - - [10/Sep/2012:11:05:02 +0200] "GET /imagenes/redimensionar.php?imagen=imagenes/696imagen2nitro_img_4466.jpg HTTP/1.1" 200 1860 www.negotiablekite.com "http://www.negotiablekite.com/anuncio/697" "Mozilla/4.0 (compatible; MSIE 8.0; Windows NT 5.1; Trident/4.0; GTB7.4)" "-"
213.96.160.91 - - [10/Sep/2012:11:05:02 +0200] "GET /imagenes/redimensionar.php?anchura=377&hmax=333&imagen=imagenes/696imagen1nitro_tabla-cabrinha.jpg HTTP/1.1" 200 20839 www.negotiablekite.com "http://www.negotiablekite.com/anuncio/697" "Mozilla/4.0 (compatible; MSIE 8.0; Windows NT 5.1; Trident/4.0; GTB7.4)" "-"
213.96.160.91 - - [10/Sep/2012:11:05:02 +0200] "GET /imagenes/redimensionar.php?imagen=imagenes/696imagen1nitro_tabla-cabrinha.jpg HTTP/1.1" 200 2008 www.negotiablekite.com "http://www.negotiablekite.com/anuncio/697" "Mozilla/4.0 (compatible; MSIE 8.0; Windows NT 5.1; Trident/4.0; GTB7.4)" "-"
213.96.160.91 - - [10/Sep/2012:11:05:02 +0200] "GET /recom_anun.php?codan=697 HTTP/1.1" 200 1395 www.negotiablekite.com "http://www.negotiablekite.com/anuncio/697" "Mozilla/4.0 (compatible; MSIE 8.0; Windows NT 5.1; Trident/4.0; GTB7.4)" "-"
213.96.160.91 - - [10/Sep/2012:11:05:02 +0200] "GET /imagenes/redimensionar.php?imagen=imagenes/icono-camara.jpg HTTP/1.1" 200 1281 www.negotiablekite.com "http://www.negotiablekite.com/anuncio/697" "Mozilla/4.0 (compatible; MSIE 8.0; Windows NT 5.1; Trident/4.0; GTB7.4)" "-"
213.96.160.91 - - [10/Sep/2012:11:05:02 +0200] "GET /imagenes/696imagen1nitro_tabla-cabrinha.jpg HTTP/1.1" 200 43244 www.negotiablekite.com "http://www.negotiablekite.com/anuncio/697" "Mozilla/4.0 (compatible; MSIE 8.0; Windows NT 5.1; Trident/4.0; GTB7.4)" "-"
213.96.160.91 - - [10/Sep/2012:11:05:03 +0200] "GET / HTTP/1.1" 200 16469 www.negotiablekite.com "http://www.negotiablekite.com/anuncio/697" "Mozilla/4.0 (compatible; MSIE 8.0; Windows NT 5.1; Trident/4.0; GTB7.4)" "-"
69.171.234.5 - - [10/Sep/2012:11:05:03 +0200] "GET /imagenes/redimensionar.php?anchura=377&hmax=333&imagen=%0A%09%09%09%09%09%09%09imagenes%2F688imagen1sicowave_north_rebel_2011_003.jpg HTTP/1.1" 200 12382 www.negotiablekite.com "-" "facebookexternalhit/1.0 (+http://www.facebook.com/externalhit_uatext.php)" "-"
188.77.51.156 - - [10/Sep/2012:11:05:08 +0200] "GET /busqueda.php?clase=Cometas&_pagi_pg=2 HTTP/1.1" 200 19487 www.negotiablekite.com "http://www.negotiablekite.com/anuncios/Cometas" "Mozilla/5.0 (Windows NT 6.1; WOW64; rv:15.0) Gecko/20100101 Firefox/15.0.1" "-"
188.77.51.156 - - [10/Sep/2012:11:05:09 +0200] "GET /imagenes/redimensionar.php?imagen=imagenes/697imagen1nitro_3.jpg HTTP/1.1" 200 1298 www.negotiablekite.com "http://www.negotiablekite.com/busqueda.php?clase=Cometas&_pagi_pg=2" "Mozilla/5.0 (Windows NT 6.1; WOW64; rv:15.0) Gecko/20100101 Firefox/15.0.1" "-"
188.77.51.156 - - [10/Sep/2012:11:05:09 +0200] "GET /imagenes/redimensionar.php?imagen=imagenes/657imagen1etsac_psycho3.gif HTTP/1.1" 200 2231 www.negotiablekite.com "http://www.negotiablekite.com/busqueda.php?clase=Cometas&_pagi_pg=2" "Mozilla/5.0 (Windows NT 6.1; WOW64; rv:15.0) Gecko/20100101 Firefox/15.0.1" "-"
